// Jest Snapshot v1, https://goo.gl/fbAQLP

exports[`Pruebas en <MultipleCustomHooks/> Debe mostrarse correctamente 1`] = `
<div>
  <div>
    <h1>
      BreakingBad Quotes
    </h1>
    <hr />
    <div
      class="alert alert-info text-center"
    >
      Loading...
    </div>
    <button
      class="btn btn-primary"
    >
      Siguiente
    </button>
  </div>
</div>
`;
